Product: MDK-ARM Lite 5.10
Component: ARM Compiler 5.04 update 1 (build 49)
Tool: armlink [5040049]

==============================================================================

Section Cross References

    blinky.o(.text) refers to tasks.o(.text) for vTaskResume
    blinky.o(.text) refers to led_f429discovery.o(.text) for LED_Off
    blinky.o(.text) refers to queue.o(.text) for xQueueGenericReceive
    blinky.o(.text) refers to system_stm32f4xx.o(.text) for SystemInit
    blinky.o(.text) refers to stm32f4xx_hal.o(.text) for HAL_Init
    blinky.o(.text) refers to buttons_f429discovery.o(.text) for Buttons_Initialize
    blinky.o(.text) refers to port.o(.emb_text) for ulPortSetInterruptMask
    blinky.o(.text) refers to blinky.o(.data) for task2Handle
    croutine.o(.text) refers to list.o(.text) for vListInitialise
    croutine.o(.text) refers to heap_2.o(.text) for pvPortMalloc
    croutine.o(.text) refers to port.o(.emb_text) for ulPortSetInterruptMask
    croutine.o(.text) refers to tasks.o(.text) for xTaskGetTickCount
    croutine.o(.text) refers to croutine.o(.bss) for pxReadyCoRoutineLists
    croutine.o(.text) refers to croutine.o(.data) for pxDelayedCoRoutineList
    event_groups.o(.text) refers to heap_2.o(.text) for pvPortMalloc
    event_groups.o(.text) refers to list.o(.text) for vListInitialise
    event_groups.o(.text) refers to port.o(.emb_text) for ulPortSetInterruptMask
    event_groups.o(.text) refers to tasks.o(.text) for vTaskSuspendAll
    event_groups.o(.text) refers to port.o(.text) for vPortYield
    queue.o(.text) refers to port.o(.emb_text) for ulPortSetInterruptMask
    queue.o(.text) refers to port.o(.text) for vPortEnterCritical
    queue.o(.text) refers to tasks.o(.text) for xTaskRemoveFromEventList
    queue.o(.text) refers to list.o(.text) for vListInitialise
    queue.o(.text) refers to heap_2.o(.text) for pvPortMalloc
    queue.o(.text) refers to memcpya.o(.text) for __aeabi_memcpy
    queue.o(.text) refers to queue.o(.bss) for xQueueRegistry
    tasks.o(.text) refers to list.o(.text) for vListInitialise
    tasks.o(.text) refers to heap_2.o(.text) for pvPortMalloc
    tasks.o(.text) refers to memseta.o(.text) for __aeabi_memset
    tasks.o(.text) refers to port.o(.emb_text) for ulPortSetInterruptMask
    tasks.o(.text) refers to port.o(.text) for pxPortInitialiseStack
    tasks.o(.text) refers to blinky.o(.text) for vApplicationTickHook
    tasks.o(.text) refers to tasks.o(.bss) for pxReadyTasksLists
    tasks.o(.text) refers to tasks.o(.data) for pxDelayedTaskList
    tasks.o(.text) refers to memcmp.o(.text) for memcmp
    tasks.o(.text) refers to tasks.o(.constdata) for ucExpectedStackBytes
    tasks.o(.text) refers to timers.o(.text) for xTimerCreateTimerTask
    timers.o(.text) refers to list.o(.text) for vListInsert
    timers.o(.text) refers to tasks.o(.text) for xTaskGetSchedulerState
    timers.o(.text) refers to queue.o(.text) for xQueueGenericSend
    timers.o(.text) refers to port.o(.emb_text) for ulPortSetInterruptMask
    timers.o(.text) refers to heap_2.o(.text) for vPortFree
    timers.o(.text) refers to port.o(.text) for vPortYield
    timers.o(.text) refers to timers.o(.data) for pxOverflowTimerList
    timers.o(.text) refers to timers.o(.bss) for xActiveTimerList1
    heap_2.o(.text) refers to tasks.o(.text) for vTaskSuspendAll
    heap_2.o(.text) refers to blinky.o(.text) for vApplicationMallocFailedHook
    heap_2.o(.text) refers to heap_2.o(.bss) for ucHeap
    heap_2.o(.text) refers to heap_2.o(.data) for xStart
    port.o(.emb_text) refers to tasks.o(.text) for vTaskSwitchContext
    port.o(.emb_text) refers to tasks.o(.data) for pxCurrentTCB
    port.o(.text) refers to port.o(.emb_text) for ulPortSetInterruptMask
    port.o(.text) refers to tasks.o(.text) for xTaskIncrementTick
    port.o(.text) refers to port.o(.data) for uxCriticalNesting
    port.o(.text) refers to system_stm32f4xx.o(.data) for SystemCoreClock
    blockq.o(.text) refers to print.o(.text) for vPrintDisplayMessage
    blockq.o(.text) refers to queue.o(.text) for xQueueGenericReceive
    blockq.o(.text) refers to heap_2.o(.text) for pvPortMalloc
    blockq.o(.text) refers to tasks.o(.text) for xTaskGenericCreate
    blockq.o(.text) refers to blockq.o(.data) for sBlockingConsumerCount
    death.o(.text) refers to dmul.o(.text) for __aeabi_dmul
    death.o(.text) refers to tasks.o(.text) for vTaskDelay
    death.o(.text) refers to print.o(.text) for vPrintDisplayMessage
    death.o(.text) refers to heap_2.o(.text) for vPortFree
    death.o(.text) refers to death.o(.data) for xCreatedTask1
    dynamic.o(.text) refers to tasks.o(.text) for vTaskSuspend
    dynamic.o(.text) refers to print.o(.text) for vPrintDisplayMessage
    dynamic.o(.text) refers to port.o(.text) for vPortEnterCritical
    dynamic.o(.text) refers to queue.o(.text) for xQueueGenericReceive
    dynamic.o(.text) refers to dynamic.o(.data) for ulPrioritySetCounter
    events.o(.text) refers to print.o(.text) for vPrintDisplayMessage
    events.o(.text) refers to queue.o(.text) for xQueueGenericReceive
    events.o(.text) refers to memcmp.o(.text) for memcmp
    events.o(.text) refers to tasks.o(.text) for vTaskSuspend
    events.o(.text) refers to events.o(.data) for xQueue
    events.o(.text) refers to events.o(.bss) for xExpectedTaskCounters
    flop.o(.text) refers to print.o(.text) for vPrintDisplayMessage
    flop.o(.text) refers to heap_2.o(.text) for pvPortMalloc
    flop.o(.text) refers to dfltui.o(.text) for __aeabi_ui2d
    flop.o(.text) refers to dmul.o(.text) for __aeabi_dmul
    flop.o(.text) refers to dadd.o(.text) for __aeabi_dadd
    flop.o(.text) refers to port.o(.text) for vPortYield
    flop.o(.text) refers to fabs.o(i.__hardfp_fabs) for __hardfp_fabs
    flop.o(.text) refers to cdrcmple.o(.text) for __aeabi_cdrcmple
    flop.o(.text) refers to ddiv.o(.text) for __aeabi_ddiv
    flop.o(.text) refers to tasks.o(.text) for xTaskGenericCreate
    flop.o(.text) refers to flop.o(.bss) for usTaskCheck
    integer.o(.text) refers to print.o(.text) for vPrintDisplayMessage
    integer.o(.text) refers to heap_2.o(.text) for pvPortMalloc
    integer.o(.text) refers to port.o(.text) for vPortYield
    integer.o(.text) refers to tasks.o(.text) for xTaskGenericCreate
    integer.o(.text) refers to integer.o(.bss) for usTaskCheck
    pollq.o(.text) refers to print.o(.text) for vPrintDisplayMessage
    pollq.o(.text) refers to queue.o(.text) for xQueueGenericSend
    pollq.o(.text) refers to tasks.o(.text) for vTaskDelay
    pollq.o(.text) refers to pollq.o(.data) for sPollingProducerCount
    print.o(.text) refers to queue.o(.text) for xQueueGenericCreate
    print.o(.text) refers to print.o(.data) for xPrintQueue
    semtest.o(.text) refers to port.o(.text) for vPortEnterCritical
    semtest.o(.text) refers to print.o(.text) for vPrintDisplayMessage
    semtest.o(.text) refers to queue.o(.text) for xQueueGenericReceive
    semtest.o(.text) refers to tasks.o(.text) for vTaskDelay
    semtest.o(.text) refers to heap_2.o(.text) for pvPortMalloc
    semtest.o(.text) refers to semtest.o(.data) for sNextCheckVariable
    semtest.o(.text) refers to semtest.o(.constdata) for pcSemaphoreTaskStart
    semtest.o(.constdata) refers to semtest.o(.conststring) for .conststring
    buttons_f429discovery.o(.text) refers to stm32f4xx_hal_gpio.o(.text) for HAL_GPIO_Init
    led_f429discovery.o(.text) refers to stm32f4xx_hal_gpio.o(.text) for HAL_GPIO_Init
    led_f429discovery.o(.text) refers to led_f429discovery.o(.constdata) for LED_PIN
    startup_stm32f429xx.o(RESET) refers to startup_stm32f429xx.o(STACK) for __initial_sp
    startup_stm32f429xx.o(RESET) refers to startup_stm32f429xx.o(.text) for Reset_Handler
    startup_stm32f429xx.o(RESET) refers to port.o(.emb_text) for SVC_Handler
    startup_stm32f429xx.o(RESET) refers to port.o(.text) for SysTick_Handler
    startup_stm32f429xx.o(.text) refers to system_stm32f4xx.o(.text) for SystemInit
    startup_stm32f429xx.o(.text) refers to entry.o(.ARM.Collect$$$$00000000) for __main
    system_stm32f4xx.o(.text) refers to system_stm32f4xx.o(.data) for SystemCoreClock
    stm32f4xx_hal.o(.text) refers to stm32f4xx_hal_rcc.o(.text) for HAL_RCC_GetHCLKFreq
    stm32f4xx_hal.o(.text) refers to stm32f4xx_hal_cortex.o(.text) for HAL_SYSTICK_Config
    stm32f4xx_hal.o(.text) refers to stm32f4xx_hal.o(.data) for uwTick
    stm32f4xx_hal_pwr_ex.o(.text) refers to stm32f4xx_hal.o(.text) for HAL_GetTick
    stm32f4xx_hal_rcc.o(.text) refers to stm32f4xx_hal.o(.text) for HAL_GetTick
    stm32f4xx_hal_rcc.o(.text) refers to stm32f4xx_hal_gpio.o(.text) for HAL_GPIO_Init
    stm32f4xx_hal_rcc.o(.text) refers to stm32f4xx_hal_rcc.o(.constdata) for APBAHBPrescTable
    stm32f4xx_hal_rcc.o(.text) refers to system_stm32f4xx.o(.data) for SystemCoreClock
    stm32f4xx_hal_rcc_ex.o(.text) refers to stm32f4xx_hal.o(.text) for HAL_GetTick
    fabs.o(i.__hardfp_fabs) refers (Special) to iusefp.o(.text) for __I$use$fp
    fabs.o(i.__softfp_fabs) refers (Special) to iusefp.o(.text) for __I$use$fp
    fabs.o(i.fabs) refers (Special) to iusefp.o(.text) for __I$use$fp
    entry.o(.ARM.Collect$$$$00000000) refers (Special) to entry10a.o(.ARM.Collect$$$$0000000D) for __rt_final_cpp
    entry.o(.ARM.Collect$$$$00000000) refers (Special) to entry11a.o(.ARM.Collect$$$$0000000F) for __rt_final_exit
    entry.o(.ARM.Collect$$$$00000000) refers (Special) to entry7b.o(.ARM.Collect$$$$00000008) for _main_clock
    entry.o(.ARM.Collect$$$$00000000) refers (Special) to entry8b.o(.ARM.Collect$$$$0000000A) for _main_cpp_init
    entry.o(.ARM.Collect$$$$00000000) refers (Special) to entry9a.o(.ARM.Collect$$$$0000000B) for _main_init
    entry.o(.ARM.Collect$$$$00000000) refers (Special) to entry5.o(.ARM.Collect$$$$00000004) for _main_scatterload
    entry.o(.ARM.Collect$$$$00000000) refers (Special) to entry2.o(.ARM.Collect$$$$00000001) for _main_stk
    dadd.o(.text) refers (Special) to iusefp.o(.text) for __I$use$fp
    dadd.o(.text) refers to llshl.o(.text) for __aeabi_llsl
    dadd.o(.text) refers to llsshr.o(.text) for __aeabi_lasr
    dadd.o(.text) refers to depilogue.o(.text) for _double_epilogue
    dmul.o(.text) refers (Special) to iusefp.o(.text) for __I$use$fp
    dmul.o(.text) refers to depilogue.o(.text) for _double_epilogue
    ddiv.o(.text) refers (Special) to iusefp.o(.text) for __I$use$fp
    ddiv.o(.text) refers to depilogue.o(.text) for _double_round
    dfltui.o(.text) refers (Special) to iusefp.o(.text) for __I$use$fp
    dfltui.o(.text) refers to depilogue.o(.text) for _double_epilogue
    cdrcmple.o(.text) refers (Special) to iusefp.o(.text) for __I$use$fp
    entry2.o(.ARM.Collect$$$$00000001) refers to entry2.o(.ARM.Collect$$$$00002712) for __lit__00000000
    entry2.o(.ARM.Collect$$$$00002712) refers to startup_stm32f429xx.o(STACK) for __initial_sp
    entry2.o(__vectab_stack_and_reset_area) refers to startup_stm32f429xx.o(STACK) for __initial_sp
    entry2.o(__vectab_stack_and_reset_area) refers to entry.o(.ARM.Collect$$$$00000000) for __main
    entry5.o(.ARM.Collect$$$$00000004) refers to init.o(.text) for __scatterload
    entry9a.o(.ARM.Collect$$$$0000000B) refers to blinky.o(.text) for main
    entry9b.o(.ARM.Collect$$$$0000000C) refers to blinky.o(.text) for main
    depilogue.o(.text) refers to llshl.o(.text) for __aeabi_llsl
    depilogue.o(.text) refers to llushr.o(.text) for __aeabi_llsr
    init.o(.text) refers to entry5.o(.ARM.Collect$$$$00000004) for __main_after_scatterload


==============================================================================

Removing Unused input sections from the image.

    Removing blinky.o(.rev16_text), (4 bytes).
    Removing blinky.o(.revsh_text), (4 bytes).
    Removing blinky.o(.constdata), (4 bytes).
    Removing croutine.o(.rev16_text), (4 bytes).
    Removing croutine.o(.revsh_text), (4 bytes).
    Removing croutine.o(.text), (752 bytes).
    Removing croutine.o(.bss), (100 bytes).
    Removing croutine.o(.data), (28 bytes).
    Removing event_groups.o(.rev16_text), (4 bytes).
    Removing event_groups.o(.revsh_text), (4 bytes).
    Removing event_groups.o(.text), (878 bytes).
    Removing list.o(.rev16_text), (4 bytes).
    Removing list.o(.revsh_text), (4 bytes).
    Removing queue.o(.rev16_text), (4 bytes).
    Removing queue.o(.revsh_text), (4 bytes).
    Removing tasks.o(.rev16_text), (4 bytes).
    Removing tasks.o(.revsh_text), (4 bytes).
    Removing timers.o(.rev16_text), (4 bytes).
    Removing timers.o(.revsh_text), (4 bytes).
    Removing heap_2.o(.rev16_text), (4 bytes).
    Removing heap_2.o(.revsh_text), (4 bytes).
    Removing port.o(.rev16_text), (4 bytes).
    Removing port.o(.revsh_text), (4 bytes).
    Removing blockq.o(.rev16_text), (4 bytes).
    Removing blockq.o(.revsh_text), (4 bytes).
    Removing blockq.o(.text), (804 bytes).
    Removing blockq.o(.data), (24 bytes).
    Removing death.o(.rev16_text), (4 bytes).
    Removing death.o(.revsh_text), (4 bytes).
    Removing death.o(.text), (436 bytes).
    Removing death.o(.data), (18 bytes).
    Removing dynamic.o(.rev16_text), (4 bytes).
    Removing dynamic.o(.revsh_text), (4 bytes).
    Removing dynamic.o(.text), (1364 bytes).
    Removing dynamic.o(.data), (54 bytes).
    Removing events.o(.rev16_text), (4 bytes).
    Removing events.o(.revsh_text), (4 bytes).
    Removing events.o(.text), (884 bytes).
    Removing events.o(.bss), (48 bytes).
    Removing events.o(.data), (16 bytes).
    Removing flop.o(.rev16_text), (4 bytes).
    Removing flop.o(.revsh_text), (4 bytes).
    Removing flop.o(.text), (1508 bytes).
    Removing flop.o(.bss), (32 bytes).
    Removing integer.o(.rev16_text), (4 bytes).
    Removing integer.o(.revsh_text), (4 bytes).
    Removing integer.o(.text), (1068 bytes).
    Removing integer.o(.bss), (32 bytes).
    Removing pollq.o(.rev16_text), (4 bytes).
    Removing pollq.o(.revsh_text), (4 bytes).
    Removing pollq.o(.text), (528 bytes).
    Removing pollq.o(.data), (12 bytes).
    Removing print.o(.rev16_text), (4 bytes).
    Removing print.o(.revsh_text), (4 bytes).
    Removing print.o(.text), (56 bytes).
    Removing print.o(.data), (4 bytes).
    Removing semtest.o(.rev16_text), (4 bytes).
    Removing semtest.o(.revsh_text), (4 bytes).
    Removing semtest.o(.text), (532 bytes).
    Removing semtest.o(.constdata), (8 bytes).
    Removing semtest.o(.conststring), (88 bytes).
    Removing semtest.o(.data), (18 bytes).
    Removing buttons_f429discovery.o(.rev16_text), (4 bytes).
    Removing buttons_f429discovery.o(.revsh_text), (4 bytes).
    Removing led_f429discovery.o(.rev16_text), (4 bytes).
    Removing led_f429discovery.o(.revsh_text), (4 bytes).
    Removing startup_stm32f429xx.o(HEAP), (512 bytes).
    Removing system_stm32f4xx.o(.rev16_text), (4 bytes).
    Removing system_stm32f4xx.o(.revsh_text), (4 bytes).
    Removing stm32f4xx_hal.o(.rev16_text), (4 bytes).
    Removing stm32f4xx_hal.o(.revsh_text), (4 bytes).
    Removing stm32f4xx_hal_cortex.o(.rev16_text), (4 bytes).
    Removing stm32f4xx_hal_cortex.o(.revsh_text), (4 bytes).
    Removing stm32f4xx_hal_gpio.o(.rev16_text), (4 bytes).
    Removing stm32f4xx_hal_gpio.o(.revsh_text), (4 bytes).
    Removing stm32f4xx_hal_pwr.o(.rev16_text), (4 bytes).
    Removing stm32f4xx_hal_pwr.o(.revsh_text), (4 bytes).
    Removing stm32f4xx_hal_pwr.o(.text), (364 bytes).
    Removing stm32f4xx_hal_pwr_ex.o(.rev16_text), (4 bytes).
    Removing stm32f4xx_hal_pwr_ex.o(.revsh_text), (4 bytes).
    Removing stm32f4xx_hal_pwr_ex.o(.text), (500 bytes).
    Removing stm32f4xx_hal_rcc.o(.rev16_text), (4 bytes).
    Removing stm32f4xx_hal_rcc.o(.revsh_text), (4 bytes).
    Removing stm32f4xx_hal_rcc_ex.o(.rev16_text), (4 bytes).
    Removing stm32f4xx_hal_rcc_ex.o(.revsh_text), (4 bytes).
    Removing stm32f4xx_hal_rcc_ex.o(.text), (1044 bytes).
    Removing dadd.o(.text), (334 bytes).
    Removing dmul.o(.text), (228 bytes).
    Removing ddiv.o(.text), (222 bytes).
    Removing dfltui.o(.text), (26 bytes).
    Removing cdrcmple.o(.text), (40 bytes).
    Removing depilogue.o(.text), (182 bytes).

92 unused section(s) (total 12972 bytes) removed from the image.

==============================================================================

Image Symbol Table

    Local Symbols

    Symbol Name                              Value     Ov Type        Size  Object(Section)

    ../clib/microlib/init/entry.s            0x00000000   Number         0  entry.o ABSOLUTE
    ../clib/microlib/init/entry.s            0x00000000   Number         0  entry11b.o ABSOLUTE
    ../clib/microlib/init/entry.s            0x00000000   Number         0  entry11a.o ABSOLUTE
    ../clib/microlib/init/entry.s            0x00000000   Number         0  entry10b.o ABSOLUTE
    ../clib/microlib/init/entry.s            0x00000000   Number         0  entry7a.o ABSOLUTE
    ../clib/microlib/init/entry.s            0x00000000   Number         0  entry2.o ABSOLUTE
    ../clib/microlib/init/entry.s            0x00000000   Number         0  entry5.o ABSOLUTE
    ../clib/microlib/init/entry.s            0x00000000   Number         0  entry7b.o ABSOLUTE
    ../clib/microlib/init/entry.s            0x00000000   Number         0  entry8a.o ABSOLUTE
    ../clib/microlib/init/entry.s            0x00000000   Number         0  entry8b.o ABSOLUTE
    ../clib/microlib/init/entry.s            0x00000000   Number         0  entry9a.o ABSOLUTE
    ../clib/microlib/init/entry.s            0x00000000   Number         0  entry10a.o ABSOLUTE
    ../clib/microlib/init/entry.s            0x00000000   Number         0  entry9b.o ABSOLUTE
    ../clib/microlib/longlong.c              0x00000000   Number         0  llushr.o ABSOLUTE
    ../clib/microlib/longlong.c              0x00000000   Number         0  llsshr.o ABSOLUTE
    ../clib/microlib/longlong.c              0x00000000   Number         0  llshl.o ABSOLUTE
    ../clib/microlib/string/memcmp.c         0x00000000   Number         0  memcmp.o ABSOLUTE
    ../clib/microlib/string/memcpy.c         0x00000000   Number         0  memcpyb.o ABSOLUTE
    ../clib/microlib/string/memcpy.c         0x00000000   Number         0  memcpya.o ABSOLUTE
    ../clib/microlib/string/memset.c         0x00000000   Number         0  memseta.o ABSOLUTE
    ../clib/microlib/stubs.s                 0x00000000   Number         0  iusefp.o ABSOLUTE
    ../fplib/microlib/fpadd.c                0x00000000   Number         0  dadd.o ABSOLUTE
    ../fplib/microlib/fpdiv.c                0x00000000   Number         0  ddiv.o ABSOLUTE
    ../fplib/microlib/fpepilogue.c           0x00000000   Number         0  depilogue.o ABSOLUTE
    ../fplib/microlib/fpflt.c                0x00000000   Number         0  dfltui.o ABSOLUTE
    ../fplib/microlib/fpmul.c                0x00000000   Number         0  dmul.o ABSOLUTE
    ../mathlib/fabs.c                        0x00000000   Number         0  fabs.o ABSOLUTE
    ..\Src\Blinky.c                          0x00000000   Number         0  blinky.o ABSOLUTE
    ..\\Src\\Blinky.c                        0x00000000   Number         0  blinky.o ABSOLUTE
    C:\Keil_v5\ARM\PACK\Keil\STM32F4xx_DFP\2.2.0\Drivers\STM32F4xx_HAL_Driver\Src\stm32f4xx_hal.c 0x00000000   Number         0  stm32f4xx_hal.o ABSOLUTE
    C:\Keil_v5\ARM\PACK\Keil\STM32F4xx_DFP\2.2.0\Drivers\STM32F4xx_HAL_Driver\Src\stm32f4xx_hal_cortex.c 0x00000000   Number         0  stm32f4xx_hal_cortex.o ABSOLUTE
    C:\Keil_v5\ARM\PACK\Keil\STM32F4xx_DFP\2.2.0\Drivers\STM32F4xx_HAL_Driver\Src\stm32f4xx_hal_gpio.c 0x00000000   Number         0  stm32f4xx_hal_gpio.o ABSOLUTE
    C:\Keil_v5\ARM\PACK\Keil\STM32F4xx_DFP\2.2.0\Drivers\STM32F4xx_HAL_Driver\Src\stm32f4xx_hal_pwr.c 0x00000000   Number         0  stm32f4xx_hal_pwr.o ABSOLUTE
    C:\Keil_v5\ARM\PACK\Keil\STM32F4xx_DFP\2.2.0\Drivers\STM32F4xx_HAL_Driver\Src\stm32f4xx_hal_pwr_ex.c 0x00000000   Number         0  stm32f4xx_hal_pwr_ex.o ABSOLUTE
    C:\Keil_v5\ARM\PACK\Keil\STM32F4xx_DFP\2.2.0\Drivers\STM32F4xx_HAL_Driver\Src\stm32f4xx_hal_rcc.c 0x00000000   Number         0  stm32f4xx_hal_rcc.o ABSOLUTE
    C:\Keil_v5\ARM\PACK\Keil\STM32F4xx_DFP\2.2.0\Drivers\STM32F4xx_HAL_Driver\Src\stm32f4xx_hal_rcc_ex.c 0x00000000   Number         0  stm32f4xx_hal_rcc_ex.o ABSOLUTE
    C:\Keil_v5\ARM\PACK\Keil\STM32F4xx_DFP\2.2.0\MDK\Boards\ST\STM32F429I-Discovery\Common\Buttons_F429Discovery.c 0x00000000   Number         0  buttons_f429discovery.o ABSOLUTE
    C:\Keil_v5\ARM\PACK\Keil\STM32F4xx_DFP\2.2.0\MDK\Boards\ST\STM32F429I-Discovery\Common\LED_F429Discovery.c 0x00000000   Number         0  led_f429discovery.o ABSOLUTE
    C:\Keil_v5\FREERTOS\FreeRTOS\Demo\Common\Full\BlockQ.c 0x00000000   Number         0  blockq.o ABSOLUTE
    C:\Keil_v5\FREERTOS\FreeRTOS\Demo\Common\Full\PollQ.c 0x00000000   Number         0  pollq.o ABSOLUTE
    C:\Keil_v5\FREERTOS\FreeRTOS\Demo\Common\Full\death.c 0x00000000   Number         0  death.o ABSOLUTE
    C:\Keil_v5\FREERTOS\FreeRTOS\Demo\Common\Full\dynamic.c 0x00000000   Number         0  dynamic.o ABSOLUTE
    C:\Keil_v5\FREERTOS\FreeRTOS\Demo\Common\Full\events.c 0x00000000   Number         0  events.o ABSOLUTE
    C:\Keil_v5\FREERTOS\FreeRTOS\Demo\Common\Full\flop.c 0x00000000   Number         0  flop.o ABSOLUTE
    C:\Keil_v5\FREERTOS\FreeRTOS\Demo\Common\Full\integer.c 0x00000000   Number         0  integer.o ABSOLUTE
    C:\Keil_v5\FREERTOS\FreeRTOS\Demo\Common\Full\print.c 0x00000000   Number         0  print.o ABSOLUTE
    C:\Keil_v5\FREERTOS\FreeRTOS\Demo\Common\Full\semtest.c 0x00000000   Number         0  semtest.o ABSOLUTE
    C:\Keil_v5\FREERTOS\FreeRTOS\Source\croutine.c 0x00000000   Number         0  croutine.o ABSOLUTE
    C:\Keil_v5\FREERTOS\FreeRTOS\Source\event_groups.c 0x00000000   Number         0  event_groups.o ABSOLUTE
    C:\Keil_v5\FREERTOS\FreeRTOS\Source\list.c 0x00000000   Number         0  list.o ABSOLUTE
    C:\Keil_v5\FREERTOS\FreeRTOS\Source\portable\MemMang\heap_2.c 0x00000000   Number         0  heap_2.o ABSOLUTE
    C:\Keil_v5\FREERTOS\FreeRTOS\Source\portable\RVDS\ARM_CM4F\port.c 0x00000000   Number         0  port.o ABSOLUTE
    C:\Keil_v5\FREERTOS\FreeRTOS\Source\queue.c 0x00000000   Number         0  queue.o ABSOLUTE
    C:\Keil_v5\FREERTOS\FreeRTOS\Source\tasks.c 0x00000000   Number         0  tasks.o ABSOLUTE
    C:\Keil_v5\FREERTOS\FreeRTOS\Source\timers.c 0x00000000   Number         0  timers.o ABSOLUTE
    C:\\Keil_v5\\ARM\\PACK\\Keil\\STM32F4xx_DFP\\2.2.0\\Drivers\\STM32F4xx_HAL_Driver\\Src\\stm32f4xx_hal.c 0x00000000   Number         0  stm32f4xx_hal.o ABSOLUTE
    C:\\Keil_v5\\ARM\\PACK\\Keil\\STM32F4xx_DFP\\2.2.0\\Drivers\\STM32F4xx_HAL_Driver\\Src\\stm32f4xx_hal_cortex.c 0x00000000   Number         0  stm32f4xx_hal_cortex.o ABSOLUTE
    C:\\Keil_v5\\ARM\\PACK\\Keil\\STM32F4xx_DFP\\2.2.0\\Drivers\\STM32F4xx_HAL_Driver\\Src\\stm32f4xx_hal_gpio.c 0x00000000   Number         0  stm32f4xx_hal_gpio.o ABSOLUTE
    C:\\Keil_v5\\ARM\\PACK\\Keil\\STM32F4xx_DFP\\2.2.0\\Drivers\\STM32F4xx_HAL_Driver\\Src\\stm32f4xx_hal_pwr.c 0x00000000   Number         0  stm32f4xx_hal_pwr.o ABSOLUTE
    C:\\Keil_v5\\ARM\\PACK\\Keil\\STM32F4xx_DFP\\2.2.0\\Drivers\\STM32F4xx_HAL_Driver\\Src\\stm32f4xx_hal_pwr_ex.c 0x00000000   Number         0  stm32f4xx_hal_pwr_ex.o ABSOLUTE
    C:\\Keil_v5\\ARM\\PACK\\Keil\\STM32F4xx_DFP\\2.2.0\\Drivers\\STM32F4xx_HAL_Driver\\Src\\stm32f4xx_hal_rcc.c 0x00000000   Number         0  stm32f4xx_hal_rcc.o ABSOLUTE
    C:\\Keil_v5\\ARM\\PACK\\Keil\\STM32F4xx_DFP\\2.2.0\\Drivers\\STM32F4xx_HAL_Driver\\Src\\stm32f4xx_hal_rcc_ex.c 0x00000000   Number         0  stm32f4xx_hal_rcc_ex.o ABSOLUTE
    C:\\Keil_v5\\ARM\\PACK\\Keil\\STM32F4xx_DFP\\2.2.0\\MDK\\Boards\\ST\\STM32F429I-Discovery\\Common\\Buttons_F429Discovery.c 0x00000000   Number         0  buttons_f429discovery.o ABSOLUTE
    C:\\Keil_v5\\ARM\\PACK\\Keil\\STM32F4xx_DFP\\2.2.0\\MDK\\Boards\\ST\\STM32F429I-Discovery\\Common\\LED_F429Discovery.c 0x00000000   Number         0  led_f429discovery.o ABSOLUTE
    C:\\Keil_v5\\FREERTOS\\FreeRTOS\\Demo\\Common\\Full\\BlockQ.c 0x00000000   Number         0  blockq.o ABSOLUTE
    C:\\Keil_v5\\FREERTOS\\FreeRTOS\\Demo\\Common\\Full\\PollQ.c 0x00000000   Number         0  pollq.o ABSOLUTE
    C:\\Keil_v5\\FREERTOS\\FreeRTOS\\Demo\\Common\\Full\\death.c 0x00000000   Number         0  death.o ABSOLUTE
    C:\\Keil_v5\\FREERTOS\\FreeRTOS\\Demo\\Common\\Full\\dynamic.c 0x00000000   Number         0  dynamic.o ABSOLUTE
    C:\\Keil_v5\\FREERTOS\\FreeRTOS\\Demo\\Common\\Full\\events.c 0x00000000   Number         0  events.o ABSOLUTE
    C:\\Keil_v5\\FREERTOS\\FreeRTOS\\Demo\\Common\\Full\\flop.c 0x00000000   Number         0  flop.o ABSOLUTE
    C:\\Keil_v5\\FREERTOS\\FreeRTOS\\Demo\\Common\\Full\\integer.c 0x00000000   Number         0  integer.o ABSOLUTE
    C:\\Keil_v5\\FREERTOS\\FreeRTOS\\Demo\\Common\\Full\\print.c 0x00000000   Number         0  print.o ABSOLUTE
    C:\\Keil_v5\\FREERTOS\\FreeRTOS\\Demo\\Common\\Full\\semtest.c 0x00000000   Number         0  semtest.o ABSOLUTE
    C:\\Keil_v5\\FREERTOS\\FreeRTOS\\Source\\croutine.c 0x00000000   Number         0  croutine.o ABSOLUTE
    C:\\Keil_v5\\FREERTOS\\FreeRTOS\\Source\\event_groups.c 0x00000000   Number         0  event_groups.o ABSOLUTE
    C:\\Keil_v5\\FREERTOS\\FreeRTOS\\Source\\list.c 0x00000000   Number         0  list.o ABSOLUTE
    C:\\Keil_v5\\FREERTOS\\FreeRTOS\\Source\\portable\\MemMang\\heap_2.c 0x00000000   Number         0  heap_2.o ABSOLUTE
    C:\\Keil_v5\\FREERTOS\\FreeRTOS\\Source\\portable\\RVDS\\ARM_CM4F\\port.c 0x00000000   Number         0  port.o ABSOLUTE
    C:\\Keil_v5\\FREERTOS\\FreeRTOS\\Source\\queue.c 0x00000000   Number         0  queue.o ABSOLUTE
    C:\\Keil_v5\\FREERTOS\\FreeRTOS\\Source\\tasks.c 0x00000000   Number         0  tasks.o ABSOLUTE
    C:\\Keil_v5\\FREERTOS\\FreeRTOS\\Source\\timers.c 0x00000000   Number         0  timers.o ABSOLUTE
    RTE\Device\STM32F429ZITx\startup_stm32f429xx.s 0x00000000   Number         0  startup_stm32f429xx.o ABSOLUTE
    RTE\Device\STM32F429ZITx\system_stm32f4xx.c 0x00000000   Number         0  system_stm32f4xx.o ABSOLUTE
    RTE\\Device\\STM32F429ZITx\\system_stm32f4xx.c 0x00000000   Number         0  system_stm32f4xx.o ABSOLUTE
    cdrcmple.s                               0x00000000   Number         0  cdrcmple.o ABSOLUTE
    dc.s                                     0x00000000   Number         0  dc.o ABSOLUTE
    handlers.s                               0x00000000   Number         0  handlers.o ABSOLUTE
    init.s                                   0x00000000   Number         0  init.o ABSOLUTE
    RESET                                    0x08000000   Section      428  startup_stm32f429xx.o(RESET)
    .ARM.Collect$$$$00000000                 0x080001ac   Section        0  entry.o(.ARM.Collect$$$$00000000)
    .ARM.Collect$$$$00000001                 0x080001ac   Section        4  entry2.o(.ARM.Collect$$$$00000001)
    .ARM.Collect$$$$00000004                 0x080001b0   Section        4  entry5.o(.ARM.Collect$$$$00000004)
    .ARM.Collect$$$$00000008                 0x080001b4   Section        0  entry7b.o(.ARM.Collect$$$$00000008)
    .ARM.Collect$$$$0000000A                 0x080001b4   Section        0  entry8b.o(.ARM.Collect$$$$0000000A)
    .ARM.Collect$$$$0000000B                 0x080001b4   Section        8  entry9a.o(.ARM.Collect$$$$0000000B)
    .ARM.Collect$$$$0000000D                 0x080001bc   Section        0  entry10a.o(.ARM.Collect$$$$0000000D)
    .ARM.Collect$$$$0000000F                 0x080001bc   Section        0  entry11a.o(.ARM.Collect$$$$0000000F)
    .ARM.Collect$$$$00002712                 0x080001bc   Section        4  entry2.o(.ARM.Collect$$$$00002712)
    __lit__00000000                          0x080001bc   Data           4  entry2.o(.ARM.Collect$$$$00002712)
    .emb_text                                0x080001c0   Section      198  port.o(.emb_text)
    $v0                                      0x080001c0   Number         0  port.o(.emb_text)
    .text                                    0x08000288   Section        0  blinky.o(.text)
    .text                                    0x08000438   Section        0  list.o(.text)
    .text                                    0x080004cc   Section        0  queue.o(.text)
    prvUnlockQueue                           0x080005a1   Thumb Code   126  queue.o(.text)
    prvIsQueueFull                           0x0800061f   Thumb Code    30  queue.o(.text)
    prvCopyDataToQueue                       0x0800063d   Thumb Code   128  queue.o(.text)
    prvIsQueueEmpty                          0x0800088f   Thumb Code    26  queue.o(.text)
    prvCopyDataFromQueue                     0x080008a9   Thumb Code    42  queue.o(.text)
    .text                                    0x08000da4   Section        0  tasks.o(.text)
    prvInitialiseTaskLists                   0x08000da5   Thumb Code    70  tasks.o(.text)
    prvInitialiseTCBVariables                0x08000deb   Thumb Code    90  tasks.o(.text)
    prvAllocateTCBAndStack                   0x08000e45   Thumb Code    58  tasks.o(.text)
    prvResetNextTaskUnblockTime              0x08000f9f   Thumb Code    42  tasks.o(.text)
    prvAddCurrentTaskToDelayedList           0x080012a1   Thumb Code    62  tasks.o(.text)
    prvTaskIsTaskSuspended                   0x08001685   Thumb Code    68  tasks.o(.text)
    prvDeleteTCB                             0x080017af   Thumb Code    18  tasks.o(.text)
    prvCheckTasksWaitingTermination          0x080017c1   Thumb Code    86  tasks.o(.text)
    prvIdleTask                              0x08001817   Thumb Code    24  tasks.o(.text)
    prvTaskCheckFreeStackSpace               0x080018bd   Thumb Code    22  tasks.o(.text)
    prvListTaskWithinSingleList              0x080018d3   Thumb Code   176  tasks.o(.text)
    .text                                    0x08001eb8   Section        0  timers.o(.text)
    prvInsertTimerInActiveList               0x08001eb9   Thumb Code    80  timers.o(.text)
    prvSwitchTimerLists                      0x08001f6f   Thumb Code   136  timers.o(.text)
    prvSampleTimeNow                         0x08001ff7   Thumb Code    40  timers.o(.text)
    prvProcessReceivedCommands               0x0800201f   Thumb Code   216  timers.o(.text)
    prvProcessExpiredTimer                   0x080020f7   Thumb Code    82  timers.o(.text)
    prvProcessTimerOrBlockTask               0x08002149   Thumb Code    70  timers.o(.text)
    prvGetNextExpireTime                     0x0800218f   Thumb Code    36  timers.o(.text)
    prvTimerTask                             0x080021b3   Thumb Code    26  timers.o(.text)
    prvCheckForValidListAndQueue             0x080021cd   Thumb Code    86  timers.o(.text)
    .text                                    0x0800230c   Section        0  heap_2.o(.text)
    prvHeapInit                              0x0800230d   Thumb Code    38  heap_2.o(.text)
    .text                                    0x08002438   Section        0  port.o(.text)
    prvTaskExitError                         0x08002439   Thumb Code    32  port.o(.text)
    .text                                    0x08002658   Section        0  buttons_f429discovery.o(.text)
    .text                                    0x080026b4   Section        0  led_f429discovery.o(.text)
    .text                                    0x08002764   Section       36  startup_stm32f429xx.o(.text)
    $v0                                      0x08002764   Number         0  startup_stm32f429xx.o(.text)
    .text                                    0x08002788   Section        0  system_stm32f4xx.o(.text)
    .text                                    0x080028a8   Section        0  stm32f4xx_hal.o(.text)
    .text                                    0x08002a3c   Section        0  stm32f4xx_hal_cortex.o(.text)
    NVIC_SetPriority                         0x08002a3d   Thumb Code    32  stm32f4xx_hal_cortex.o(.text)
    NVIC_GetPriorityGrouping                 0x08002cc5   Thumb Code    12  stm32f4xx_hal_cortex.o(.text)
    .text                                    0x08002ce4   Section        0  stm32f4xx_hal_gpio.o(.text)
    .text                                    0x08003020   Section        0  stm32f4xx_hal_rcc.o(.text)
    .text                                    0x08003a5c   Section        0  memcpya.o(.text)
    .text                                    0x08003a80   Section        0  memseta.o(.text)
    .text                                    0x08003aa4   Section        0  memcmp.o(.text)
    .text                                    0x08003ac0   Section       36  init.o(.text)
    i.__scatterload_copy                     0x08003ae4   Section       14  handlers.o(i.__scatterload_copy)
    i.__scatterload_null                     0x08003af2   Section        2  handlers.o(i.__scatterload_null)
    i.__scatterload_zeroinit                 0x08003af4   Section       14  handlers.o(i.__scatterload_zeroinit)
    .constdata                               0x08003b02   Section       20  tasks.o(.constdata)
    ucExpectedStackBytes                     0x08003b02   Data          20  tasks.o(.constdata)
    .constdata                               0x08003b18   Section       16  led_f429discovery.o(.constdata)
    LED_PIN                                  0x08003b18   Data          16  led_f429discovery.o(.constdata)
    .constdata                               0x08003b28   Section       16  stm32f4xx_hal_rcc.o(.constdata)
    .data                                    0x20000000   Section       16  blinky.o(.data)
    .data                                    0x20000010   Section       56  tasks.o(.data)
    pxDelayedTaskList                        0x20000014   Data           4  tasks.o(.data)
    pxOverflowDelayedTaskList                0x20000018   Data           4  tasks.o(.data)
    uxTasksDeleted                           0x2000001c   Data           4  tasks.o(.data)
    uxCurrentNumberOfTasks                   0x20000020   Data           4  tasks.o(.data)
    xTickCount                               0x20000024   Data           4  tasks.o(.data)
    uxTopReadyPriority                       0x20000028   Data           4  tasks.o(.data)
    xSchedulerRunning                        0x2000002c   Data           4  tasks.o(.data)
    uxPendedTicks                            0x20000030   Data           4  tasks.o(.data)
    xYieldPending                            0x20000034   Data           4  tasks.o(.data)
    xNumOfOverflows                          0x20000038   Data           4  tasks.o(.data)
    uxTaskNumber                             0x2000003c   Data           4  tasks.o(.data)
    xNextTaskUnblockTime                     0x20000040   Data           4  tasks.o(.data)
    uxSchedulerSuspended                     0x20000044   Data           4  tasks.o(.data)
    .data                                    0x20000048   Section       16  timers.o(.data)
    pxCurrentTimerList                       0x20000048   Data           4  timers.o(.data)
    pxOverflowTimerList                      0x2000004c   Data           4  timers.o(.data)
    xTimerQueue                              0x20000050   Data           4  timers.o(.data)
    xLastTime                                0x20000054   Data           4  timers.o(.data)
    .data                                    0x20000058   Section       24  heap_2.o(.data)
    xStart                                   0x20000058   Data           8  heap_2.o(.data)
    xEnd                                     0x20000060   Data           8  heap_2.o(.data)
    xFreeBytesRemaining                      0x20000068   Data           4  heap_2.o(.data)
    xHeapHasBeenInitialised                  0x2000006c   Data           4  heap_2.o(.data)
    .data                                    0x20000070   Section       12  port.o(.data)
    uxCriticalNesting                        0x20000070   Data           4  port.o(.data)
    ucMaxSysCallPriority                     0x20000074   Data           1  port.o(.data)
    ulMaxPRIGROUPValue                       0x20000078   Data           4  port.o(.data)
    .data                                    0x2000007c   Section       20  system_stm32f4xx.o(.data)
    .data                                    0x20000090   Section        4  stm32f4xx_hal.o(.data)
    uwTick                                   0x20000090   Data           4  stm32f4xx_hal.o(.data)
    .bss                                     0x20000094   Section       64  queue.o(.bss)
    .bss                                     0x200000d4   Section      200  tasks.o(.bss)
    pxReadyTasksLists                        0x200000d4   Data         100  tasks.o(.bss)
    xDelayedTaskList1                        0x20000138   Data          20  tasks.o(.bss)
    xDelayedTaskList2                        0x2000014c   Data          20  tasks.o(.bss)
    xPendingReadyList                        0x20000160   Data          20  tasks.o(.bss)
    xTasksWaitingTermination                 0x20000174   Data          20  tasks.o(.bss)
    xSuspendedTaskList                       0x20000188   Data          20  tasks.o(.bss)
    .bss                                     0x2000019c   Section       40  timers.o(.bss)
    xActiveTimerList1                        0x2000019c   Data          20  timers.o(.bss)
    xActiveTimerList2                        0x200001b0   Data          20  timers.o(.bss)
    .bss                                     0x200001c4   Section    76800  heap_2.o(.bss)
    ucHeap                                   0x200001c4   Data       76800  heap_2.o(.bss)
    STACK                                    0x20012dc8   Section     1024  startup_stm32f429xx.o(STACK)

    Global Symbols

    Symbol Name                              Value     Ov Type        Size  Object(Section)

    BuildAttributes$$THM_ISAv4$E$P$D$K$B$S$7EM$VFPi3$EXTD16$VFPS$VFMA$PE$A:L22UL41UL21$X:L11$S22US41US21$IEEE1$IW$USESV6$~STKCKD$USESV7$~SHL$OTIME$ROPI$IEEEJ$EBA8$MICROLIB$REQ8$PRES8$EABIv2 0x00000000   Number         0  anon$$obj.o ABSOLUTE
    __ARM_use_no_argv                        0x00000000   Number         0  blinky.o ABSOLUTE
    __cpp_initialize__aeabi_                  - Undefined Weak Reference
    __cxa_finalize                            - Undefined Weak Reference
    __decompress                              - Undefined Weak Reference
    _clock_init                               - Undefined Weak Reference
    _microlib_exit                            - Undefined Weak Reference
    __Vectors_Size                           0x000001ac   Number         0  startup_stm32f429xx.o ABSOLUTE
    __Vectors                                0x08000000   Data           4  startup_stm32f429xx.o(RESET)
    __Vectors_End                            0x080001ac   Data           0  startup_stm32f429xx.o(RESET)
    __main                                   0x080001ad   Thumb Code     0  entry.o(.ARM.Collect$$$$00000000)
    _main_stk                                0x080001ad   Thumb Code     0  entry2.o(.ARM.Collect$$$$00000001)
    _main_scatterload                        0x080001b1   Thumb Code     0  entry5.o(.ARM.Collect$$$$00000004)
    __main_after_scatterload                 0x080001b5   Thumb Code     0  entry5.o(.ARM.Collect$$$$00000004)
    _main_clock                              0x080001b5   Thumb Code     0  entry7b.o(.ARM.Collect$$$$00000008)
    _main_cpp_init                           0x080001b5   Thumb Code     0  entry8b.o(.ARM.Collect$$$$0000000A)
    _main_init                               0x080001b5   Thumb Code     0  entry9a.o(.ARM.Collect$$$$0000000B)
    __rt_final_cpp                           0x080001bd   Thumb Code     0  entry10a.o(.ARM.Collect$$$$0000000D)
    __rt_final_exit                          0x080001bd   Thumb Code     0  entry11a.o(.ARM.Collect$$$$0000000F)
    SVC_Handler                              0x080001c1   Thumb Code    28  port.o(.emb_text)
    __asm___6_port_c_39a90d8d__prvStartFirstTask 0x080001e1   Thumb Code    28  port.o(.emb_text)
    __asm___6_port_c_39a90d8d__prvEnableVFP  0x08000201   Thumb Code    16  port.o(.emb_text)
    PendSV_Handler                           0x08000215   Thumb Code    82  port.o(.emb_text)
    ulPortSetInterruptMask                   0x0800026d   Thumb Code    14  port.o(.emb_text)
    vPortClearInterruptMask                  0x0800027b   Thumb Code     6  port.o(.emb_text)
    vPortGetIPSR                             0x08000281   Thumb Code     6  port.o(.emb_text)
    vTask1                                   0x08000289   Thumb Code    64  blinky.o(.text)
    vTask2                                   0x080002c9   Thumb Code    72  blinky.o(.text)
    vTask3                                   0x08000311   Thumb Code    62  blinky.o(.text)
    main                                     0x0800034f   Thumb Code   172  blinky.o(.text)
    vApplicationMallocFailedHook             0x080003fb   Thumb Code     8  blinky.o(.text)
    vApplicationIdleHook                     0x08000403   Thumb Code     2  blinky.o(.text)
    vApplicationTickHook                     0x08000405   Thumb Code     2  blinky.o(.text)
    vApplicationStackOverflowHook            0x08000407   Thumb Code     8  blinky.o(.text)
    vListInitialise                          0x08000439   Thumb Code    26  list.o(.text)
    vListInitialiseItem                      0x08000453   Thumb Code     6  list.o(.text)
    vListInsertEnd                           0x08000459   Thumb Code    24  list.o(.text)
    vListInsert                              0x08000471   Thumb Code    52  list.o(.text)
    uxListRemove                             0x080004a5   Thumb Code    40  list.o(.text)
    xQueueGenericReset                       0x080004cd   Thumb Code   120  queue.o(.text)
    xQueueGenericCreate                      0x08000545   Thumb Code    92  queue.o(.text)
    xQueueGenericSend                        0x080006bd   Thumb Code   322  queue.o(.text)
    xQueueCreateMutex                        0x080007ff   Thumb Code    86  queue.o(.text)
    xQueueGiveMutexRecursive                 0x08000855   Thumb Code    58  queue.o(.text)
    xQueueGenericReceive                     0x080008d3   Thumb Code   346  queue.o(.text)
    xQueueTakeMutexRecursive                 0x08000a2d   Thumb Code    70  queue.o(.text)
    xQueueCreateCountingSemaphore            0x08000a73   Thumb Code    74  queue.o(.text)
    xQueueGenericSendFromISR                 0x08000abd   Thumb Code   180  queue.o(.text)
    xQueueReceiveFromISR                     0x08000b71   Thumb Code   136  queue.o(.text)
    xQueuePeekFromISR                        0x08000bf9   Thumb Code    90  queue.o(.text)
    uxQueueMessagesWaiting                   0x08000c53   Thumb Code    28  queue.o(.text)
    uxQueueSpacesAvailable                   0x08000c6f   Thumb Code    34  queue.o(.text)
    uxQueueMessagesWaitingFromISR            0x08000c91   Thumb Code    20  queue.o(.text)
    vQueueUnregisterQueue                    0x08000ca5   Thumb Code    38  queue.o(.text)
    vQueueDelete                             0x08000ccb   Thumb Code    40  queue.o(.text)
    uxQueueGetQueueNumber                    0x08000cf3   Thumb Code     6  queue.o(.text)
    vQueueSetQueueNumber                     0x08000cf9   Thumb Code     4  queue.o(.text)
    ucQueueGetQueueType                      0x08000cfd   Thumb Code     8  queue.o(.text)
    xQueueIsQueueEmptyFromISR                0x08000d05   Thumb Code    28  queue.o(.text)
    xQueueIsQueueFullFromISR                 0x08000d21   Thumb Code    32  queue.o(.text)
    vQueueAddToRegistry                      0x08000d41   Thumb Code    38  queue.o(.text)
    vQueueWaitForMessageRestricted           0x08000d67   Thumb Code    58  queue.o(.text)
    xTaskGenericCreate                       0x08000e7f   Thumb Code   288  tasks.o(.text)
    vTaskDelete                              0x08000fc9   Thumb Code   160  tasks.o(.text)
    xTaskIncrementTick                       0x08001069   Thumb Code   286  tasks.o(.text)
    xTaskResumeAll                           0x08001187   Thumb Code   282  tasks.o(.text)
    vTaskSuspendAll                          0x080012df   Thumb Code    12  tasks.o(.text)
    vTaskDelayUntil                          0x080012eb   Thumb Code   176  tasks.o(.text)
    vTaskDelay                               0x0800139b   Thumb Code    94  tasks.o(.text)
    uxTaskPriorityGet                        0x080013f9   Thumb Code    30  tasks.o(.text)
    vTaskPrioritySet                         0x08001417   Thumb Code   234  tasks.o(.text)
    vTaskSwitchContext                       0x08001501   Thumb Code   162  tasks.o(.text)
    vTaskSuspend                             0x080015a3   Thumb Code   226  tasks.o(.text)
    vTaskResume                              0x080016c9   Thumb Code   104  tasks.o(.text)
    xTaskResumeFromISR                       0x08001731   Thumb Code   126  tasks.o(.text)
    vTaskStartScheduler                      0x0800182f   Thumb Code    74  tasks.o(.text)
    vTaskEndScheduler                        0x08001879   Thumb Code    18  tasks.o(.text)
    xTaskGetTickCount                        0x0800188b   Thumb Code    18  tasks.o(.text)
    xTaskGetTickCountFromISR                 0x0800189d   Thumb Code    26  tasks.o(.text)
    uxTaskGetNumberOfTasks                   0x080018b7   Thumb Code     6  tasks.o(.text)
    uxTaskGetSystemState                     0x08001983   Thumb Code   198  tasks.o(.text)
    vTaskPlaceOnEventList                    0x08001a49   Thumb Code    94  tasks.o(.text)
    vTaskPlaceOnUnorderedEventList           0x08001aa7   Thumb Code   132  tasks.o(.text)
    vTaskPlaceOnEventListRestricted          0x08001b2b   Thumb Code    76  tasks.o(.text)
    xTaskRemoveFromEventList                 0x08001b77   Thumb Code   114  tasks.o(.text)
    xTaskRemoveFromUnorderedEventList        0x08001be9   Thumb Code   126  tasks.o(.text)
    vTaskSetTimeOutState                     0x08001c67   Thumb Code    28  tasks.o(.text)
    xTaskCheckForTimeOut                     0x08001c83   Thumb Code   108  tasks.o(.text)
    vTaskMissedYield                         0x08001cef   Thumb Code     8  tasks.o(.text)
    uxTaskGetTaskNumber                      0x08001cf7   Thumb Code    14  tasks.o(.text)
    vTaskSetTaskNumber                       0x08001d05   Thumb Code     8  tasks.o(.text)
    xTaskGetCurrentTaskHandle                0x08001d0d   Thumb Code     6  tasks.o(.text)
    xTaskGetSchedulerState                   0x08001d13   Thumb Code    24  tasks.o(.text)
    vTaskPriorityInherit                     0x08001d2b   Thumb Code   164  tasks.o(.text)
    xTaskPriorityDisinherit                  0x08001dcf   Thumb Code   180  tasks.o(.text)
    uxTaskResetEventItemValue                0x08001e83   Thumb Code    24  tasks.o(.text)
    pvTaskIncrementMutexHeldCount            0x08001e9b   Thumb Code    26  tasks.o(.text)
    xTimerGenericCommand                     0x08001f09   Thumb Code   102  timers.o(.text)
    xTimerCreateTimerTask                    0x08002223   Thumb Code    58  timers.o(.text)
    xTimerCreate                             0x0800225d   Thumb Code    80  timers.o(.text)
    pcTimerGetTimerName                      0x080022ad   Thumb Code     8  timers.o(.text)
    xTimerIsTimerActive                      0x080022b5   Thumb Code    78  timers.o(.text)
    pvTimerGetTimerID                        0x08002303   Thumb Code     8  timers.o(.text)
    pvPortMalloc                             0x08002333   Thumb Code   174  heap_2.o(.text)
    vPortFree                                0x080023e1   Thumb Code    56  heap_2.o(.text)
    xPortGetFreeHeapSize                     0x08002419   Thumb Code     6  heap_2.o(.text)
    vPortInitialiseBlocks                    0x0800241f   Thumb Code     2  heap_2.o(.text)
    pxPortInitialiseStack                    0x08002459   Thumb Code    34  port.o(.text)
    vPortSetupTimerInterrupt                 0x0800247b   Thumb Code    26  port.o(.text)
    xPortStartScheduler                      0x08002495   Thumb Code   156  port.o(.text)
    vPortEndScheduler                        0x08002531   Thumb Code    30  port.o(.text)
    vPortYield                               0x0800254f   Thumb Code    20  port.o(.text)
    vPortEnterCritical                       0x08002563   Thumb Code    62  port.o(.text)
    vPortExitCritical                        0x080025a1   Thumb Code    40  port.o(.text)
    SysTick_Handler                          0x080025c9   Thumb Code    30  port.o(.text)
    vPortValidateInterruptPriority           0x080025e7   Thumb Code    80  port.o(.text)
    Buttons_Initialize                       0x08002659   Thumb Code    40  buttons_f429discovery.o(.text)
    Buttons_Uninitialize                     0x08002681   Thumb Code    14  buttons_f429discovery.o(.text)
    Buttons_GetState                         0x0800268f   Thumb Code    24  buttons_f429discovery.o(.text)
    Buttons_GetCount                         0x080026a7   Thumb Code     4  buttons_f429discovery.o(.text)
    LED_Initialize                           0x080026b5   Thumb Code    48  led_f429discovery.o(.text)
    LED_Uninitialize                         0x080026e5   Thumb Code    16  led_f429discovery.o(.text)
    LED_On                                   0x080026f5   Thumb Code    28  led_f429discovery.o(.text)
    LED_Off                                  0x08002711   Thumb Code    28  led_f429discovery.o(.text)
    LED_SetOut                               0x0800272d   Thumb Code    40  led_f429discovery.o(.text)
    LED_GetCount                             0x08002755   Thumb Code     4  led_f429discovery.o(.text)
    Reset_Handler                            0x08002765   Thumb Code     8  startup_stm32f429xx.o(.text)
    NMI_Handler                              0x0800276d   Thumb Code     2  startup_stm32f429xx.o(.text)
    HardFault_Handler                        0x0800276f   Thumb Code     2  startup_stm32f429xx.o(.text)
    MemManage_Handler                        0x08002771   Thumb Code     2  startup_stm32f429xx.o(.text)
    BusFault_Handler                         0x08002773   Thumb Code     2  startup_stm32f429xx.o(.text)
    UsageFault_Handler                       0x08002775   Thumb Code     2  startup_stm32f429xx.o(.text)
    DebugMon_Handler                         0x08002779   Thumb Code     2  startup_stm32f429xx.o(.text)
    ADC_IRQHandler                           0x0800277f   Thumb Code     0  startup_stm32f429xx.o(.text)
    CAN1_RX0_IRQHandler                      0x0800277f   Thumb Code     0  startup_stm32f429xx.o(.text)
    CAN1_RX1_IRQHandler                      0x0800277f   Thumb Code     0  startup_stm32f429xx.o(.text)
    CAN1_SCE_IRQHandler                      0x0800277f   Thumb Code     0  startup_stm32f429xx.o(.text)
    CAN1_TX_IRQHandler                       0x0800277f   Thumb Code     0  startup_stm32f429xx.o(.text)
    CAN2_RX0_IRQHandler                      0x0800277f   Thumb Code     0  startup_stm32f429xx.o(.text)
    CAN2_RX1_IRQHandler                      0x0800277f   Thumb Code     0  startup_stm32f429xx.o(.text)
    CAN2_SCE_IRQHandler                      0x0800277f   Thumb Code     0  startup_stm32f429xx.o(.text)
    CAN2_TX_IRQHandler                       0x0800277f   Thumb Code     0  startup_stm32f429xx.o(.text)
    DCMI_IRQHandler                          0x0800277f   Thumb Code     0  startup_stm32f429xx.o(.text)
    DMA1_Stream0_IRQHandler                  0x0800277f   Thumb Code     0  startup_stm32f429xx.o(.text)
    DMA1_Stream1_IRQHandler                  0x0800277f   Thumb Code     0  startup_stm32f429xx.o(.text)
    DMA1_Stream2_IRQHandler                  0x0800277f   Thumb Code     0  startup_stm32f429xx.o(.text)
    DMA1_Stream3_IRQHandler                  0x0800277f   Thumb Code     0  startup_stm32f429xx.o(.text)
    DMA1_Stream4_IRQHandler                  0x0800277f   Thumb Code     0  startup_stm32f429xx.o(.text)
    DMA1_Stream5_IRQHandler                  0x0800277f   Thumb Code     0  startup_stm32f429xx.o(.text)
    DMA1_Stream6_IRQHandler                  0x0800277f   Thumb Code     0  startup_stm32f429xx.o(.text)
    DMA1_Stream7_IRQHandler                  0x0800277f   Thumb Code     0  startup_stm32f429xx.o(.text)
    DMA2D_IRQHandler                         0x0800277f   Thumb Code     0  startup_stm32f429xx.o(.text)
    DMA2_Stream0_IRQHandler                  0x0800277f   Thumb Code     0  startup_stm32f429xx.o(.text)
    DMA2_Stream1_IRQHandler                  0x0800277f   Thumb Code     0  startup_stm32f429xx.o(.text)
    DMA2_Stream2_IRQHandler                  0x0800277f   Thumb Code     0  startup_stm32f429xx.o(.text)
    DMA2_Stream3_IRQHandler                  0x0800277f   Thumb Code     0  startup_stm32f429xx.o(.text)
    DMA2_Stream4_IRQHandler                  0x0800277f   Thumb Code     0  startup_stm32f429xx.o(.text)
    DMA2_Stream5_IRQHandler                  0x0800277f   Thumb Code     0  startup_stm32f429xx.o(.text)
    DMA2_Stream6_IRQHandler                  0x0800277f   Thumb Code     0  startup_stm32f429xx.o(.text)
    DMA2_Stream7_IRQHandler                  0x0800277f   Thumb Code     0  startup_stm32f429xx.o(.text)
    ETH_IRQHandler                           0x0800277f   Thumb Code     0  startup_stm32f429xx.o(.text)
    ETH_WKUP_IRQHandler                      0x0800277f   Thumb Code     0  startup_stm32f429xx.o(.text)
    EXTI0_IRQHandler                         0x0800277f   Thumb Code     0  startup_stm32f429xx.o(.text)
    EXTI15_10_IRQHandler                     0x0800277f   Thumb Code     0  startup_stm32f429xx.o(.text)
    EXTI1_IRQHandler                         0x0800277f   Thumb Code     0  startup_stm32f429xx.o(.text)
    EXTI2_IRQHandler                         0x0800277f   Thumb Code     0  startup_stm32f429xx.o(.text)
    EXTI3_IRQHandler                         0x0800277f   Thumb Code     0  startup_stm32f429xx.o(.text)
    EXTI4_IRQHandler                         0x0800277f   Thumb Code     0  startup_stm32f429xx.o(.text)
    EXTI9_5_IRQHandler                       0x0800277f   Thumb Code     0  startup_stm32f429xx.o(.text)
    FLASH_IRQHandler                         0x0800277f   Thumb Code     0  startup_stm32f429xx.o(.text)
    FMC_IRQHandler                           0x0800277f   Thumb Code     0  startup_stm32f429xx.o(.text)
    FPU_IRQHandler                           0x0800277f   Thumb Code     0  startup_stm32f429xx.o(.text)
    HASH_RNG_IRQHandler                      0x0800277f   Thumb Code     0  startup_stm32f429xx.o(.text)
    I2C1_ER_IRQHandler                       0x0800277f   Thumb Code     0  startup_stm32f429xx.o(.text)
    I2C1_EV_IRQHandler                       0x0800277f   Thumb Code     0  startup_stm32f429xx.o(.text)
    I2C2_ER_IRQHandler                       0x0800277f   Thumb Code     0  startup_stm32f429xx.o(.text)
    I2C2_EV_IRQHandler                       0x0800277f   Thumb Code     0  startup_stm32f429xx.o(.text)
    I2C3_ER_IRQHandler                       0x0800277f   Thumb Code     0  startup_stm32f429xx.o(.text)
    I2C3_EV_IRQHandler                       0x0800277f   Thumb Code     0  startup_stm32f429xx.o(.text)
    LTDC_ER_IRQHandler                       0x0800277f   Thumb Code     0  startup_stm32f429xx.o(.text)
    LTDC_IRQHandler                          0x0800277f   Thumb Code     0  startup_stm32f429xx.o(.text)
    OTG_FS_IRQHandler                        0x0800277f   Thumb Code     0  startup_stm32f429xx.o(.text)
    OTG_FS_WKUP_IRQHandler                   0x0800277f   Thumb Code     0  startup_stm32f429xx.o(.text)
    OTG_HS_EP1_IN_IRQHandler                 0x0800277f   Thumb Code     0  startup_stm32f429xx.o(.text)
    OTG_HS_EP1_OUT_IRQHandler                0x0800277f   Thumb Code     0  startup_stm32f429xx.o(.text)
    OTG_HS_IRQHandler                        0x0800277f   Thumb Code     0  startup_stm32f429xx.o(.text)
    OTG_HS_WKUP_IRQHandler                   0x0800277f   Thumb Code     0  startup_stm32f429xx.o(.text)
    PVD_IRQHandler                           0x0800277f   Thumb Code     0  startup_stm32f429xx.o(.text)
    RCC_IRQHandler                           0x0800277f   Thumb Code     0  startup_stm32f429xx.o(.text)
    RTC_Alarm_IRQHandler                     0x0800277f   Thumb Code     0  startup_stm32f429xx.o(.text)
    RTC_WKUP_IRQHandler                      0x0800277f   Thumb Code     0  startup_stm32f429xx.o(.text)
    SAI1_IRQHandler                          0x0800277f   Thumb Code     0  startup_stm32f429xx.o(.text)
    SDIO_IRQHandler                          0x0800277f   Thumb Code     0  startup_stm32f429xx.o(.text)
    SPI1_IRQHandler                          0x0800277f   Thumb Code     0  startup_stm32f429xx.o(.text)
    SPI2_IRQHandler                          0x0800277f   Thumb Code     0  startup_stm32f429xx.o(.text)
    SPI3_IRQHandler                          0x0800277f   Thumb Code     0  startup_stm32f429xx.o(.text)
    SPI4_IRQHandler                          0x0800277f   Thumb Code     0  startup_stm32f429xx.o(.text)
    SPI5_IRQHandler                          0x0800277f   Thumb Code     0  startup_stm32f429xx.o(.text)
    SPI6_IRQHandler                          0x0800277f   Thumb Code     0  startup_stm32f429xx.o(.text)
    TAMP_STAMP_IRQHandler                    0x0800277f   Thumb Code     0  startup_stm32f429xx.o(.text)
    TIM1_BRK_TIM9_IRQHandler                 0x0800277f   Thumb Code     0  startup_stm32f429xx.o(.text)
    TIM1_CC_IRQHandler                       0x0800277f   Thumb Code     0  startup_stm32f429xx.o(.text)
    TIM1_TRG_COM_TIM11_IRQHandler            0x0800277f   Thumb Code     0  startup_stm32f429xx.o(.text)
    TIM1_UP_TIM10_IRQHandler                 0x0800277f   Thumb Code     0  startup_stm32f429xx.o(.text)
    TIM2_IRQHandler                          0x0800277f   Thumb Code     0  startup_stm32f429xx.o(.text)
    TIM3_IRQHandler                          0x0800277f   Thumb Code     0  startup_stm32f429xx.o(.text)
    TIM4_IRQHandler                          0x0800277f   Thumb Code     0  startup_stm32f429xx.o(.text)
    TIM5_IRQHandler                          0x0800277f   Thumb Code     0  startup_stm32f429xx.o(.text)
    TIM6_DAC_IRQHandler                      0x0800277f   Thumb Code     0  startup_stm32f429xx.o(.text)
    TIM7_IRQHandler                          0x0800277f   Thumb Code     0  startup_stm32f429xx.o(.text)
    TIM8_BRK_TIM12_IRQHandler                0x0800277f   Thumb Code     0  startup_stm32f429xx.o(.text)
    TIM8_CC_IRQHandler                       0x0800277f   Thumb Code     0  startup_stm32f429xx.o(.text)
    TIM8_TRG_COM_TIM14_IRQHandler            0x0800277f   Thumb Code     0  startup_stm32f429xx.o(.text)
    TIM8_UP_TIM13_IRQHandler                 0x0800277f   Thumb Code     0  startup_stm32f429xx.o(.text)
    UART4_IRQHandler                         0x0800277f   Thumb Code     0  startup_stm32f429xx.o(.text)
    UART5_IRQHandler                         0x0800277f   Thumb Code     0  startup_stm32f429xx.o(.text)
    UART7_IRQHandler                         0x0800277f   Thumb Code     0  startup_stm32f429xx.o(.text)
    UART8_IRQHandler                         0x0800277f   Thumb Code     0  startup_stm32f429xx.o(.text)
    USART1_IRQHandler                        0x0800277f   Thumb Code     0  startup_stm32f429xx.o(.text)
    USART2_IRQHandler                        0x0800277f   Thumb Code     0  startup_stm32f429xx.o(.text)
    USART3_IRQHandler                        0x0800277f   Thumb Code     0  startup_stm32f429xx.o(.text)
    USART6_IRQHandler                        0x0800277f   Thumb Code     0  startup_stm32f429xx.o(.text)
    WWDG_IRQHandler                          0x0800277f   Thumb Code     0  startup_stm32f429xx.o(.text)
    SystemInit                               0x08002789   Thumb Code    82  system_stm32f4xx.o(.text)
    SystemCoreClockUpdate                    0x080027db   Thumb Code   174  system_stm32f4xx.o(.text)
    HAL_MspInit                              0x080028a9   Thumb Code     2  stm32f4xx_hal.o(.text)
    HAL_InitTick                             0x080028ab   Thumb Code    36  stm32f4xx_hal.o(.text)
    HAL_Init                                 0x080028cf   Thumb Code    54  stm32f4xx_hal.o(.text)
    HAL_MspDeInit                            0x08002905   Thumb Code     2  stm32f4xx_hal.o(.text)
    HAL_DeInit                               0x08002907   Thumb Code    64  stm32f4xx_hal.o(.text)
    HAL_IncTick                              0x08002947   Thumb Code    12  stm32f4xx_hal.o(.text)
    HAL_GetTick                              0x08002953   Thumb Code     6  stm32f4xx_hal.o(.text)
    HAL_Delay                                0x08002959   Thumb Code    26  stm32f4xx_hal.o(.text)
    HAL_SuspendTick                          0x08002973   Thumb Code    18  stm32f4xx_hal.o(.text)
    HAL_ResumeTick                           0x08002985   Thumb Code    18  stm32f4xx_hal.o(.text)
    HAL_GetHalVersion                        0x08002997   Thumb Code     4  stm32f4xx_hal.o(.text)
    HAL_GetREVID                             0x0800299b   Thumb Code     8  stm32f4xx_hal.o(.text)
    HAL_GetDEVID                             0x080029a3   Thumb Code    10  stm32f4xx_hal.o(.text)
    HAL_EnableDBGSleepMode                   0x080029ad   Thumb Code    14  stm32f4xx_hal.o(.text)
    HAL_DisableDBGSleepMode                  0x080029bb   Thumb Code    14  stm32f4xx_hal.o(.text)
    HAL_EnableDBGStopMode                    0x080029c9   Thumb Code    14  stm32f4xx_hal.o(.text)
    HAL_DisableDBGStopMode                   0x080029d7   Thumb Code    14  stm32f4xx_hal.o(.text)
    HAL_EnableDBGStandbyMode                 0x080029e5   Thumb Code    14  stm32f4xx_hal.o(.text)
    HAL_DisableDBGStandbyMode                0x080029f3   Thumb Code    14  stm32f4xx_hal.o(.text)
    HAL_EnableCompensationCell               0x08002a01   Thumb Code     8  stm32f4xx_hal.o(.text)
    HAL_DisableCompensationCell              0x08002a09   Thumb Code     8  stm32f4xx_hal.o(.text)
    HAL_EnableMemorySwappingBank             0x08002a11   Thumb Code     8  stm32f4xx_hal.o(.text)
    HAL_DisableMemorySwappingBank            0x08002a19   Thumb Code     8  stm32f4xx_hal.o(.text)
    HAL_NVIC_SetPriorityGrouping             0x08002a5d   Thumb Code    36  stm32f4xx_hal_cortex.o(.text)
    HAL_NVIC_SetPriority                     0x08002a81   Thumb Code   124  stm32f4xx_hal_cortex.o(.text)
    HAL_NVIC_EnableIRQ                       0x08002afd   Thumb Code    26  stm32f4xx_hal_cortex.o(.text)
    HAL_NVIC_DisableIRQ                      0x08002b17   Thumb Code    22  stm32f4xx_hal_cortex.o(.text)
    HAL_NVIC_SystemReset                     0x08002b2d   Thumb Code    38  stm32f4xx_hal_cortex.o(.text)
    HAL_SYSTICK_Config                       0x08002b53   Thumb Code    52  stm32f4xx_hal_cortex.o(.text)
    HAL_NVIC_GetPriorityGrouping             0x08002b87   Thumb Code     8  stm32f4xx_hal_cortex.o(.text)
    HAL_NVIC_GetPriority                     0x08002b8f   Thumb Code   138  stm32f4xx_hal_cortex.o(.text)
    HAL_NVIC_SetPendingIRQ                   0x08002c19   Thumb Code    24  stm32f4xx_hal_cortex.o(.text)
    HAL_NVIC_GetPendingIRQ                   0x08002c31   Thumb Code    38  stm32f4xx_hal_cortex.o(.text)
    HAL_NVIC_ClearPendingIRQ                 0x08002c57   Thumb Code    22  stm32f4xx_hal_cortex.o(.text)
    HAL_NVIC_GetActive                       0x08002c6d   Thumb Code    38  stm32f4xx_hal_cortex.o(.text)
    HAL_SYSTICK_CLKSourceConfig              0x08002c93   Thumb Code    40  stm32f4xx_hal_cortex.o(.text)
    HAL_SYSTICK_Callback                     0x08002cbb   Thumb Code     2  stm32f4xx_hal_cortex.o(.text)
    HAL_SYSTICK_IRQHandler                   0x08002cbd   Thumb Code     8  stm32f4xx_hal_cortex.o(.text)
    HAL_GPIO_Init                            0x08002ce5   Thumb Code   466  stm32f4xx_hal_gpio.o(.text)
    HAL_GPIO_DeInit                          0x08002eb7   Thumb Code   200  stm32f4xx_hal_gpio.o(.text)
    HAL_GPIO_ReadPin                         0x08002f7f   Thumb Code    16  stm32f4xx_hal_gpio.o(.text)
    HAL_GPIO_WritePin                        0x08002f8f   Thumb Code    10  stm32f4xx_hal_gpio.o(.text)
    HAL_GPIO_TogglePin                       0x08002f99   Thumb Code     8  stm32f4xx_hal_gpio.o(.text)
    HAL_GPIO_LockPin                         0x08002fa1   Thumb Code    46  stm32f4xx_hal_gpio.o(.text)
    HAL_GPIO_EXTI_Callback                   0x08002fcf   Thumb Code     2  stm32f4xx_hal_gpio.o(.text)
    HAL_GPIO_EXTI_IRQHandler                 0x08002fd1   Thumb Code    28  stm32f4xx_hal_gpio.o(.text)
    HAL_RCC_DeInit                           0x08003021   Thumb Code    96  stm32f4xx_hal_rcc.o(.text)
    HAL_RCC_OscConfig                        0x08003081   Thumb Code  1016  stm32f4xx_hal_rcc.o(.text)
    HAL_RCC_ClockConfig                      0x08003479   Thumb Code   612  stm32f4xx_hal_rcc.o(.text)
    HAL_RCC_MCOConfig                        0x080036dd   Thumb Code   146  stm32f4xx_hal_rcc.o(.text)
    HAL_RCC_EnableCSS                        0x0800376f   Thumb Code     8  stm32f4xx_hal_rcc.o(.text)
    HAL_RCC_DisableCSS                       0x08003777   Thumb Code     8  stm32f4xx_hal_rcc.o(.text)
    HAL_RCC_GetSysClockFreq                  0x0800377f   Thumb Code   214  stm32f4xx_hal_rcc.o(.text)
    HAL_RCC_GetHCLKFreq                      0x08003855   Thumb Code    42  stm32f4xx_hal_rcc.o(.text)
    HAL_RCC_GetPCLK1Freq                     0x0800387f   Thumb Code    36  stm32f4xx_hal_rcc.o(.text)
    HAL_RCC_GetPCLK2Freq                     0x080038a3   Thumb Code    36  stm32f4xx_hal_rcc.o(.text)
    HAL_RCC_GetOscConfig                     0x080038c7   Thumb Code   296  stm32f4xx_hal_rcc.o(.text)
    HAL_RCC_GetClockConfig                   0x080039ef   Thumb Code    58  stm32f4xx_hal_rcc.o(.text)
    HAL_RCC_CCSCallback                      0x08003a29   Thumb Code     2  stm32f4xx_hal_rcc.o(.text)
    HAL_RCC_NMI_IRQHandler                   0x08003a2b   Thumb Code    30  stm32f4xx_hal_rcc.o(.text)
    __aeabi_memcpy                           0x08003a5d   Thumb Code    36  memcpya.o(.text)
    __aeabi_memcpy4                          0x08003a5d   Thumb Code     0  memcpya.o(.text)
    __aeabi_memcpy8                          0x08003a5d   Thumb Code     0  memcpya.o(.text)
    __aeabi_memset                           0x08003a81   Thumb Code    14  memseta.o(.text)
    __aeabi_memset4                          0x08003a81   Thumb Code     0  memseta.o(.text)
    __aeabi_memset8                          0x08003a81   Thumb Code     0  memseta.o(.text)
    __aeabi_memclr                           0x08003a8f   Thumb Code     4  memseta.o(.text)
    __aeabi_memclr4                          0x08003a8f   Thumb Code     0  memseta.o(.text)
    __aeabi_memclr8                          0x08003a8f   Thumb Code     0  memseta.o(.text)
    _memset$wrapper                          0x08003a93   Thumb Code    18  memseta.o(.text)
    memcmp                                   0x08003aa5   Thumb Code    26  memcmp.o(.text)
    __scatterload                            0x08003ac1   Thumb Code    28  init.o(.text)
    __scatterload_rt2                        0x08003ac1   Thumb Code     0  init.o(.text)
    __scatterload_copy                       0x08003ae5   Thumb Code    14  handlers.o(i.__scatterload_copy)
    __scatterload_null                       0x08003af3   Thumb Code     2  handlers.o(i.__scatterload_null)
    __scatterload_zeroinit                   0x08003af5   Thumb Code    14  handlers.o(i.__scatterload_zeroinit)
    APBAHBPrescTable                         0x08003b28   Data          16  stm32f4xx_hal_rcc.o(.constdata)
    Region$$Table$$Base                      0x08003b38   Number         0  anon$$obj.o(Region$$Table)
    Region$$Table$$Limit                     0x08003b58   Number         0  anon$$obj.o(Region$$Table)
    task1Handle                              0x20000000   Data           4  blinky.o(.data)
    task2Handle                              0x20000004   Data           4  blinky.o(.data)
    task3Handle                              0x20000008   Data           4  blinky.o(.data)
    mutex                                    0x2000000c   Data           4  blinky.o(.data)
    pxCurrentTCB                             0x20000010   Data           4  tasks.o(.data)
    SystemCoreClock                          0x2000007c   Data           4  system_stm32f4xx.o(.data)
    AHBPrescTable                            0x20000080   Data          16  system_stm32f4xx.o(.data)
    xQueueRegistry                           0x20000094   Data          64  queue.o(.bss)
    __initial_sp                             0x200131c8   Data           0  startup_stm32f429xx.o(STACK)



==============================================================================

Memory Map of the image

  Image Entry point : 0x080001ad

  Load Region LR_IROM1 (Base: 0x08000000, Size: 0x00003bec, Max: 0x00200000, ABSOLUTE)

    Execution Region ER_IROM1 (Base: 0x08000000, Size: 0x00003b58, Max: 0x00200000, ABSOLUTE)

    Base Addr    Size         Type   Attr      Idx    E Section Name        Object

    0x08000000   0x000001ac   Data   RO          650    RESET               startup_stm32f429xx.o
    0x080001ac   0x00000000   Code   RO          836  * .ARM.Collect$$$$00000000  mc_w.l(entry.o)
    0x080001ac   0x00000004   Code   RO          857    .ARM.Collect$$$$00000001  mc_w.l(entry2.o)
    0x080001b0   0x00000004   Code   RO          860    .ARM.Collect$$$$00000004  mc_w.l(entry5.o)
    0x080001b4   0x00000000   Code   RO          862    .ARM.Collect$$$$00000008  mc_w.l(entry7b.o)
    0x080001b4   0x00000000   Code   RO          864    .ARM.Collect$$$$0000000A  mc_w.l(entry8b.o)
    0x080001b4   0x00000008   Code   RO          865    .ARM.Collect$$$$0000000B  mc_w.l(entry9a.o)
    0x080001bc   0x00000000   Code   RO          867    .ARM.Collect$$$$0000000D  mc_w.l(entry10a.o)
    0x080001bc   0x00000000   Code   RO          869    .ARM.Collect$$$$0000000F  mc_w.l(entry11a.o)
    0x080001bc   0x00000004   Code   RO          858    .ARM.Collect$$$$00002712  mc_w.l(entry2.o)
    0x080001c0   0x000000c6   Code   RO          358    .emb_text           port.o
    0x08000286   0x00000002   PAD
    0x08000288   0x000001b0   Code   RO            3    .text               blinky.o
    0x08000438   0x00000094   Code   RO          238    .text               list.o
    0x080004cc   0x000008d8   Code   RO          258    .text               queue.o
    0x08000da4   0x00001114   Code   RO          284    .text               tasks.o
    0x08001eb8   0x00000452   Code   RO          312    .text               timers.o
    0x0800230a   0x00000002   PAD
    0x0800230c   0x0000012c   Code   RO          335    .text               heap_2.o
    0x08002438   0x00000220   Code   RO          359    .text               port.o
    0x08002658   0x0000005c   Code   RO          602    .text               buttons_f429discovery.o
    0x080026b4   0x000000b0   Code   RO          628    .text               led_f429discovery.o
    0x08002764   0x00000024   Code   RO          651    .text               startup_stm32f429xx.o
    0x08002788   0x00000120   Code   RO          657    .text               system_stm32f4xx.o
    0x080028a8   0x00000194   Code   RO          683    .text               stm32f4xx_hal.o
    0x08002a3c   0x000002a8   Code   RO          705    .text               stm32f4xx_hal_cortex.o
    0x08002ce4   0x0000033c   Code   RO          729    .text               stm32f4xx_hal_gpio.o
    0x08003020   0x00000a3c   Code   RO          789    .text               stm32f4xx_hal_rcc.o
    0x08003a5c   0x00000024   Code   RO          839    .text               mc_w.l(memcpya.o)
    0x08003a80   0x00000024   Code   RO          841    .text               mc_w.l(memseta.o)
    0x08003aa4   0x0000001a   Code   RO          843    .text               mc_w.l(memcmp.o)
    0x08003abe   0x00000002   PAD
    0x08003ac0   0x00000024   Code   RO          878    .text               mc_w.l(init.o)
    0x08003ae4   0x0000000e   Code   RO          884    i.__scatterload_copy  mc_w.l(handlers.o)
    0x08003af2   0x00000002   Code   RO          885    i.__scatterload_null  mc_w.l(handlers.o)
    0x08003af4   0x0000000e   Code   RO          886    i.__scatterload_zeroinit  mc_w.l(handlers.o)
    0x08003b02   0x00000014   Data   RO          286    .constdata          tasks.o
    0x08003b16   0x00000002   PAD
    0x08003b18   0x00000010   Data   RO          629    .constdata          led_f429discovery.o
    0x08003b28   0x00000010   Data   RO          790    .constdata          stm32f4xx_hal_rcc.o
    0x08003b38   0x00000020   Data   RO          882    Region$$Table       anon$$obj.o


    Execution Region RW_IRAM1 (Base: 0x20000000, Size: 0x000131c8, Max: 0x00030000, ABSOLUTE)

    Base Addr    Size         Type   Attr      Idx    E Section Name        Object

    0x20000000   0x00000010   Data   RW            5    .data               blinky.o
    0x20000010   0x00000038   Data   RW          287    .data               tasks.o
    0x20000048   0x00000010   Data   RW          314    .data               timers.o
    0x20000058   0x00000018   Data   RW          337    .data               heap_2.o
    0x20000070   0x0000000c   Data   RW          360    .data               port.o
    0x2000007c   0x00000014   Data   RW          658    .data               system_stm32f4xx.o
    0x20000090   0x00000004   Data   RW          684    .data               stm32f4xx_hal.o
    0x20000094   0x00000040   Zero   RW          259    .bss                queue.o
    0x200000d4   0x000000c8   Zero   RW          285    .bss                tasks.o
    0x2000019c   0x00000028   Zero   RW          313    .bss                timers.o
    0x200001c4   0x00012c00   Zero   RW          336    .bss                heap_2.o
    0x20012dc4   0x00000004   PAD
    0x20012dc8   0x00000400   Zero   RW          648    STACK               startup_stm32f429xx.o


==============================================================================

Image component sizes


      Code (inc. data)   RO Data    RW Data    ZI Data      Debug   Object Name

       432         42          0         16          0     318899   blinky.o
        92         10          0          0          0       2560   buttons_f429discovery.o
         0          0          0          0          0       1412   event_groups.o
       300         24          0         24      76800       3252   heap_2.o
       176         12         16          0          0       2501   led_f429discovery.o
       148          0          0          0          0       1942   list.o
       742         52          0         12          0       5530   port.o
      2264          4          0          0         64      11463   queue.o
        36          8        428          0       1024        864   startup_stm32f429xx.o
       404         28          0          4          0       4907   stm32f4xx_hal.o
       680         20          0          0          0      31854   stm32f4xx_hal_cortex.o
       828         52          0          0          0       4455   stm32f4xx_hal_gpio.o
      2620         80         16          0          0       5774   stm32f4xx_hal_rcc.o
       288         32          0         20          0       1691   system_stm32f4xx.o
      4372        242         20         56        200      17492   tasks.o
      1106         56          0         16         40       6204   timers.o

    ----------------------------------------------------------------------
     14492        662        514        148      78132     420800   Object Totals
         0          0         32          0          0          0   (incl. Generated)
         4          0          2          0          4          0   (incl. Padding)

    ----------------------------------------------------------------------

      Code (inc. data)   RO Data    RW Data    ZI Data      Debug   Library Member Name

         0          0          0          0          0          0   entry.o
         0          0          0          0          0          0   entry10a.o
         0          0          0          0          0          0   entry11a.o
         8          4          0          0          0          0   entry2.o
         4          0          0          0          0          0   entry5.o
         0          0          0          0          0          0   entry7b.o
         0          0          0          0          0          0   entry8b.o
         8          4          0          0          0          0   entry9a.o
        30          0          0          0          0          0   handlers.o
        36          8          0          0          0         68   init.o
        26          0          0          0          0         80   memcmp.o
        36          0          0          0          0         68   memcpya.o
        36          0          0          0          0        108   memseta.o

    ----------------------------------------------------------------------
       186         16          0          0          0        324   Library Totals
         2          0          0          0          0          0   (incl. Padding)

    ----------------------------------------------------------------------

      Code (inc. data)   RO Data    RW Data    ZI Data      Debug   Library Name

       184         16          0          0          0        324   mc_w.l

    ----------------------------------------------------------------------
       186         16          0          0          0        324   Library Totals

    ----------------------------------------------------------------------

==============================================================================


      Code (inc. data)   RO Data    RW Data    ZI Data      Debug   

     14678        678        514        148      78132     417724   Grand Totals
     14678        678        514        148      78132     417724   ELF Image Totals
     14678        678        514        148          0          0   ROM Totals

==============================================================================

    Total RO  Size (Code + RO Data)                15192 (  14.84kB)
    Total RW  Size (RW Data + ZI Data)             78280 (  76.45kB)
    Total ROM Size (Code + RO Data + RW Data)      15340 (  14.98kB)

==============================================================================

